Archive member included because of file (symbol)

c:/users/mosta/desktop/imt-c/imt_tools_x64/imt_sdk_win_64/imt_sdk_win_64/winavr/bin/../lib/gcc/avr/4.3.3/avr5\libgcc.a(_udivmodhi4.o)
                              ./LCD_program.o (__udivmodhi4)
c:/users/mosta/desktop/imt-c/imt_tools_x64/imt_sdk_win_64/imt_sdk_win_64/winavr/bin/../lib/gcc/avr/4.3.3/avr5\libgcc.a(_udivmodsi4.o)
                              ./MCAL/UART_driver/UART.o (__udivmodsi4)
c:/users/mosta/desktop/imt-c/imt_tools_x64/imt_sdk_win_64/imt_sdk_win_64/winavr/bin/../lib/gcc/avr/4.3.3/avr5\libgcc.a(_exit.o)
                              c:/users/mosta/desktop/imt-c/imt_tools_x64/imt_sdk_win_64/imt_sdk_win_64/winavr/bin/../lib/gcc/avr/4.3.3/../../../../avr/lib/avr5/crtm32.o (exit)
c:/users/mosta/desktop/imt-c/imt_tools_x64/imt_sdk_win_64/imt_sdk_win_64/winavr/bin/../lib/gcc/avr/4.3.3/avr5\libgcc.a(_copy_data.o)
                              ./MCAL/TIMER_driver/Timer_PbCfg.o (__do_copy_data)
c:/users/mosta/desktop/imt-c/imt_tools_x64/imt_sdk_win_64/imt_sdk_win_64/winavr/bin/../lib/gcc/avr/4.3.3/avr5\libgcc.a(_clear_bss.o)
                              ./MCAL/UART_driver/UART.o (__do_clear_bss)
c:/users/mosta/desktop/imt-c/imt_tools_x64/imt_sdk_win_64/imt_sdk_win_64/winavr/bin/../lib/gcc/avr/4.3.3/avr5\libgcc.a(_fixunssfsi.o)
                              ./LCD_program.o (__fixunssfsi)
c:/users/mosta/desktop/imt-c/imt_tools_x64/imt_sdk_win_64/imt_sdk_win_64/winavr/bin/../lib/gcc/avr/4.3.3/avr5\libgcc.a(_addsub_sf.o)
                              c:/users/mosta/desktop/imt-c/imt_tools_x64/imt_sdk_win_64/imt_sdk_win_64/winavr/bin/../lib/gcc/avr/4.3.3/avr5\libgcc.a(_fixunssfsi.o) (__subsf3)
c:/users/mosta/desktop/imt-c/imt_tools_x64/imt_sdk_win_64/imt_sdk_win_64/winavr/bin/../lib/gcc/avr/4.3.3/avr5\libgcc.a(_mul_sf.o)
                              ./LCD_program.o (__mulsf3)
c:/users/mosta/desktop/imt-c/imt_tools_x64/imt_sdk_win_64/imt_sdk_win_64/winavr/bin/../lib/gcc/avr/4.3.3/avr5\libgcc.a(_gt_sf.o)
                              ./LCD_program.o (__gtsf2)
c:/users/mosta/desktop/imt-c/imt_tools_x64/imt_sdk_win_64/imt_sdk_win_64/winavr/bin/../lib/gcc/avr/4.3.3/avr5\libgcc.a(_ge_sf.o)
                              c:/users/mosta/desktop/imt-c/imt_tools_x64/imt_sdk_win_64/imt_sdk_win_64/winavr/bin/../lib/gcc/avr/4.3.3/avr5\libgcc.a(_fixunssfsi.o) (__gesf2)
c:/users/mosta/desktop/imt-c/imt_tools_x64/imt_sdk_win_64/imt_sdk_win_64/winavr/bin/../lib/gcc/avr/4.3.3/avr5\libgcc.a(_lt_sf.o)
                              ./LCD_program.o (__ltsf2)
c:/users/mosta/desktop/imt-c/imt_tools_x64/imt_sdk_win_64/imt_sdk_win_64/winavr/bin/../lib/gcc/avr/4.3.3/avr5\libgcc.a(_sf_to_si.o)
                              c:/users/mosta/desktop/imt-c/imt_tools_x64/imt_sdk_win_64/imt_sdk_win_64/winavr/bin/../lib/gcc/avr/4.3.3/avr5\libgcc.a(_fixunssfsi.o) (__fixsfsi)
c:/users/mosta/desktop/imt-c/imt_tools_x64/imt_sdk_win_64/imt_sdk_win_64/winavr/bin/../lib/gcc/avr/4.3.3/avr5\libgcc.a(_thenan_sf.o)
                              c:/users/mosta/desktop/imt-c/imt_tools_x64/imt_sdk_win_64/imt_sdk_win_64/winavr/bin/../lib/gcc/avr/4.3.3/avr5\libgcc.a(_addsub_sf.o) (__thenan_sf)
c:/users/mosta/desktop/imt-c/imt_tools_x64/imt_sdk_win_64/imt_sdk_win_64/winavr/bin/../lib/gcc/avr/4.3.3/avr5\libgcc.a(_prologue.o)
                              c:/users/mosta/desktop/imt-c/imt_tools_x64/imt_sdk_win_64/imt_sdk_win_64/winavr/bin/../lib/gcc/avr/4.3.3/avr5\libgcc.a(_addsub_sf.o) (__prologue_saves__)
c:/users/mosta/desktop/imt-c/imt_tools_x64/imt_sdk_win_64/imt_sdk_win_64/winavr/bin/../lib/gcc/avr/4.3.3/avr5\libgcc.a(_epilogue.o)
                              c:/users/mosta/desktop/imt-c/imt_tools_x64/imt_sdk_win_64/imt_sdk_win_64/winavr/bin/../lib/gcc/avr/4.3.3/avr5\libgcc.a(_addsub_sf.o) (__epilogue_restores__)
c:/users/mosta/desktop/imt-c/imt_tools_x64/imt_sdk_win_64/imt_sdk_win_64/winavr/bin/../lib/gcc/avr/4.3.3/avr5\libgcc.a(_pack_sf.o)
                              c:/users/mosta/desktop/imt-c/imt_tools_x64/imt_sdk_win_64/imt_sdk_win_64/winavr/bin/../lib/gcc/avr/4.3.3/avr5\libgcc.a(_addsub_sf.o) (__pack_f)
c:/users/mosta/desktop/imt-c/imt_tools_x64/imt_sdk_win_64/imt_sdk_win_64/winavr/bin/../lib/gcc/avr/4.3.3/avr5\libgcc.a(_unpack_sf.o)
                              c:/users/mosta/desktop/imt-c/imt_tools_x64/imt_sdk_win_64/imt_sdk_win_64/winavr/bin/../lib/gcc/avr/4.3.3/avr5\libgcc.a(_addsub_sf.o) (__unpack_f)
c:/users/mosta/desktop/imt-c/imt_tools_x64/imt_sdk_win_64/imt_sdk_win_64/winavr/bin/../lib/gcc/avr/4.3.3/avr5\libgcc.a(_fpcmp_parts_sf.o)
                              c:/users/mosta/desktop/imt-c/imt_tools_x64/imt_sdk_win_64/imt_sdk_win_64/winavr/bin/../lib/gcc/avr/4.3.3/avr5\libgcc.a(_gt_sf.o) (__fpcmp_parts_f)

Allocating common symbols
Common symbol       size              file

G_RecData           0x2               ./MCAL/UART_driver/UART.o

Memory Configuration

Name             Origin             Length             Attributes
text             0x00000000         0x00020000         xr
data             0x00800060         0x0000ffa0         rw !x
eeprom           0x00810000         0x00010000         rw !x
fuse             0x00820000         0x00000400         rw !x
lock             0x00830000         0x00000400         rw !x
signature        0x00840000         0x00000400         rw !x
*default*        0x00000000         0xffffffff

Linker script and memory map

LOAD c:/users/mosta/desktop/imt-c/imt_tools_x64/imt_sdk_win_64/imt_sdk_win_64/winavr/bin/../lib/gcc/avr/4.3.3/../../../../avr/lib/avr5/crtm32.o
LOAD ./MCAL/UART_driver/UART.o
LOAD ./MCAL/TIMER_driver/Timer_PbCfg.o
LOAD ./MCAL/TIMER_driver/Timer_program.o
LOAD ./MCAL/Sleep_driver/SleepModes.o
LOAD ./MCAL/DIO_driver/MCAL_DIO_program.o
LOAD ./LCD_program.o
LOAD ./SPI.o
LOAD ./main.o
LOAD c:/users/mosta/desktop/imt-c/imt_tools_x64/imt_sdk_win_64/imt_sdk_win_64/winavr/bin/../lib/gcc/avr/4.3.3/avr5\libgcc.a
LOAD c:/users/mosta/desktop/imt-c/imt_tools_x64/imt_sdk_win_64/imt_sdk_win_64/winavr/bin/../lib/gcc/avr/4.3.3/../../../../avr/lib/avr5\libc.a
LOAD c:/users/mosta/desktop/imt-c/imt_tools_x64/imt_sdk_win_64/imt_sdk_win_64/winavr/bin/../lib/gcc/avr/4.3.3/avr5\libgcc.a

.hash
 *(.hash)

.dynsym
 *(.dynsym)

.dynstr
 *(.dynstr)

.gnu.version
 *(.gnu.version)

.gnu.version_d
 *(.gnu.version_d)

.gnu.version_r
 *(.gnu.version_r)

.rel.init
 *(.rel.init)

.rela.init
 *(.rela.init)

.rel.text
 *(.rel.text)
 *(.rel.text.*)
 *(.rel.gnu.linkonce.t*)

.rela.text
 *(.rela.text)
 *(.rela.text.*)
 *(.rela.gnu.linkonce.t*)

.rel.fini
 *(.rel.fini)

.rela.fini
 *(.rela.fini)

.rel.rodata
 *(.rel.rodata)
 *(.rel.rodata.*)
 *(.rel.gnu.linkonce.r*)

.rela.rodata
 *(.rela.rodata)
 *(.rela.rodata.*)
 *(.rela.gnu.linkonce.r*)

.rel.data
 *(.rel.data)
 *(.rel.data.*)
 *(.rel.gnu.linkonce.d*)

.rela.data
 *(.rela.data)
 *(.rela.data.*)
 *(.rela.gnu.linkonce.d*)

.rel.ctors
 *(.rel.ctors)

.rela.ctors
 *(.rela.ctors)

.rel.dtors
 *(.rel.dtors)

.rela.dtors
 *(.rela.dtors)

.rel.got
 *(.rel.got)

.rela.got
 *(.rela.got)

.rel.bss
 *(.rel.bss)

.rela.bss
 *(.rela.bss)

.rel.plt
 *(.rel.plt)

.rela.plt
 *(.rela.plt)

.text           0x00000000     0x3272
 *(.vectors)
 .vectors       0x00000000       0x54 c:/users/mosta/desktop/imt-c/imt_tools_x64/imt_sdk_win_64/imt_sdk_win_64/winavr/bin/../lib/gcc/avr/4.3.3/../../../../avr/lib/avr5/crtm32.o
                0x00000000                __vectors
                0x00000000                __vector_default
 *(.vectors)
 *(.progmem.gcc*)
 *(.progmem*)
                0x00000054                . = ALIGN (0x2)
                0x00000054                __trampolines_start = .
 *(.trampolines)
 .trampolines   0x00000054        0x0 linker stubs
 *(.trampolines*)
                0x00000054                __trampolines_end = .
 *(.jumptables)
 *(.jumptables*)
 *(.lowtext)
 *(.lowtext*)
                0x00000054                __ctors_start = .
 *(.ctors)
                0x00000054                __ctors_end = .
                0x00000054                __dtors_start = .
 *(.dtors)
                0x00000054                __dtors_end = .
 SORT(*)(.ctors)
 SORT(*)(.dtors)
 *(.init0)
 .init0         0x00000054        0x0 c:/users/mosta/desktop/imt-c/imt_tools_x64/imt_sdk_win_64/imt_sdk_win_64/winavr/bin/../lib/gcc/avr/4.3.3/../../../../avr/lib/avr5/crtm32.o
                0x00000054                __init
 *(.init0)
 *(.init1)
 *(.init1)
 *(.init2)
 .init2         0x00000054        0xc c:/users/mosta/desktop/imt-c/imt_tools_x64/imt_sdk_win_64/imt_sdk_win_64/winavr/bin/../lib/gcc/avr/4.3.3/../../../../avr/lib/avr5/crtm32.o
 *(.init2)
 *(.init3)
 *(.init3)
 *(.init4)
 .init4         0x00000060       0x16 c:/users/mosta/desktop/imt-c/imt_tools_x64/imt_sdk_win_64/imt_sdk_win_64/winavr/bin/../lib/gcc/avr/4.3.3/avr5\libgcc.a(_copy_data.o)
                0x00000060                __do_copy_data
 .init4         0x00000076       0x10 c:/users/mosta/desktop/imt-c/imt_tools_x64/imt_sdk_win_64/imt_sdk_win_64/winavr/bin/../lib/gcc/avr/4.3.3/avr5\libgcc.a(_clear_bss.o)
                0x00000076                __do_clear_bss
 *(.init4)
 *(.init5)
 *(.init5)
 *(.init6)
 *(.init6)
 *(.init7)
 *(.init7)
 *(.init8)
 *(.init8)
 *(.init9)
 .init9         0x00000086        0x8 c:/users/mosta/desktop/imt-c/imt_tools_x64/imt_sdk_win_64/imt_sdk_win_64/winavr/bin/../lib/gcc/avr/4.3.3/../../../../avr/lib/avr5/crtm32.o
 *(.init9)
 *(.text)
 .text          0x0000008e        0x4 c:/users/mosta/desktop/imt-c/imt_tools_x64/imt_sdk_win_64/imt_sdk_win_64/winavr/bin/../lib/gcc/avr/4.3.3/../../../../avr/lib/avr5/crtm32.o
                0x0000008e                __vector_1
                0x0000008e                __bad_interrupt
                0x0000008e                __vector_6
                0x0000008e                __vector_3
                0x0000008e                __vector_11
                0x0000008e                __vector_17
                0x0000008e                __vector_19
                0x0000008e                __vector_7
                0x0000008e                __vector_5
                0x0000008e                __vector_4
                0x0000008e                __vector_9
                0x0000008e                __vector_2
                0x0000008e                __vector_8
                0x0000008e                __vector_16
                0x0000008e                __vector_18
                0x0000008e                __vector_20
 .text          0x00000092        0x0 ./MCAL/UART_driver/UART.o
 .text          0x00000092        0x0 ./MCAL/TIMER_driver/Timer_PbCfg.o
 .text          0x00000092        0x0 ./MCAL/TIMER_driver/Timer_program.o
 .text          0x00000092        0x0 ./MCAL/Sleep_driver/SleepModes.o
 .text          0x00000092        0x0 ./MCAL/DIO_driver/MCAL_DIO_program.o
 .text          0x00000092        0x0 ./LCD_program.o
 .text          0x00000092        0x0 ./SPI.o
 .text          0x00000092        0x0 ./main.o
 .text          0x00000092        0x0 c:/users/mosta/desktop/imt-c/imt_tools_x64/imt_sdk_win_64/imt_sdk_win_64/winavr/bin/../lib/gcc/avr/4.3.3/avr5\libgcc.a(_udivmodhi4.o)
 .text          0x00000092        0x0 c:/users/mosta/desktop/imt-c/imt_tools_x64/imt_sdk_win_64/imt_sdk_win_64/winavr/bin/../lib/gcc/avr/4.3.3/avr5\libgcc.a(_udivmodsi4.o)
 .text          0x00000092        0x0 c:/users/mosta/desktop/imt-c/imt_tools_x64/imt_sdk_win_64/imt_sdk_win_64/winavr/bin/../lib/gcc/avr/4.3.3/avr5\libgcc.a(_exit.o)
 .text          0x00000092        0x0 c:/users/mosta/desktop/imt-c/imt_tools_x64/imt_sdk_win_64/imt_sdk_win_64/winavr/bin/../lib/gcc/avr/4.3.3/avr5\libgcc.a(_copy_data.o)
 .text          0x00000092        0x0 c:/users/mosta/desktop/imt-c/imt_tools_x64/imt_sdk_win_64/imt_sdk_win_64/winavr/bin/../lib/gcc/avr/4.3.3/avr5\libgcc.a(_clear_bss.o)
 .text          0x00000092       0x58 c:/users/mosta/desktop/imt-c/imt_tools_x64/imt_sdk_win_64/imt_sdk_win_64/winavr/bin/../lib/gcc/avr/4.3.3/avr5\libgcc.a(_fixunssfsi.o)
                0x00000092                __fixunssfsi
 .text          0x000000ea      0x354 c:/users/mosta/desktop/imt-c/imt_tools_x64/imt_sdk_win_64/imt_sdk_win_64/winavr/bin/../lib/gcc/avr/4.3.3/avr5\libgcc.a(_addsub_sf.o)
                0x00000382                __subsf3
                0x000003e4                __addsf3
 .text          0x0000043e      0x1f4 c:/users/mosta/desktop/imt-c/imt_tools_x64/imt_sdk_win_64/imt_sdk_win_64/winavr/bin/../lib/gcc/avr/4.3.3/avr5\libgcc.a(_mul_sf.o)
                0x0000043e                __mulsf3
 .text          0x00000632       0x60 c:/users/mosta/desktop/imt-c/imt_tools_x64/imt_sdk_win_64/imt_sdk_win_64/winavr/bin/../lib/gcc/avr/4.3.3/avr5\libgcc.a(_gt_sf.o)
                0x00000632                __gtsf2
 .text          0x00000692       0x60 c:/users/mosta/desktop/imt-c/imt_tools_x64/imt_sdk_win_64/imt_sdk_win_64/winavr/bin/../lib/gcc/avr/4.3.3/avr5\libgcc.a(_ge_sf.o)
                0x00000692                __gesf2
 .text          0x000006f2       0x60 c:/users/mosta/desktop/imt-c/imt_tools_x64/imt_sdk_win_64/imt_sdk_win_64/winavr/bin/../lib/gcc/avr/4.3.3/avr5\libgcc.a(_lt_sf.o)
                0x000006f2                __ltsf2
 .text          0x00000752       0xa8 c:/users/mosta/desktop/imt-c/imt_tools_x64/imt_sdk_win_64/imt_sdk_win_64/winavr/bin/../lib/gcc/avr/4.3.3/avr5\libgcc.a(_sf_to_si.o)
                0x00000752                __fixsfsi
 .text          0x000007fa        0x0 c:/users/mosta/desktop/imt-c/imt_tools_x64/imt_sdk_win_64/imt_sdk_win_64/winavr/bin/../lib/gcc/avr/4.3.3/avr5\libgcc.a(_thenan_sf.o)
 .text          0x000007fa        0x0 c:/users/mosta/desktop/imt-c/imt_tools_x64/imt_sdk_win_64/imt_sdk_win_64/winavr/bin/../lib/gcc/avr/4.3.3/avr5\libgcc.a(_prologue.o)
 .text          0x000007fa        0x0 c:/users/mosta/desktop/imt-c/imt_tools_x64/imt_sdk_win_64/imt_sdk_win_64/winavr/bin/../lib/gcc/avr/4.3.3/avr5\libgcc.a(_epilogue.o)
 .text          0x000007fa      0x1aa c:/users/mosta/desktop/imt-c/imt_tools_x64/imt_sdk_win_64/imt_sdk_win_64/winavr/bin/../lib/gcc/avr/4.3.3/avr5\libgcc.a(_pack_sf.o)
                0x000007fa                __pack_f
 .text          0x000009a4       0xf0 c:/users/mosta/desktop/imt-c/imt_tools_x64/imt_sdk_win_64/imt_sdk_win_64/winavr/bin/../lib/gcc/avr/4.3.3/avr5\libgcc.a(_unpack_sf.o)
                0x000009a4                __unpack_f
 .text          0x00000a94       0xb2 c:/users/mosta/desktop/imt-c/imt_tools_x64/imt_sdk_win_64/imt_sdk_win_64/winavr/bin/../lib/gcc/avr/4.3.3/avr5\libgcc.a(_fpcmp_parts_sf.o)
                0x00000a94                __fpcmp_parts_f
                0x00000b46                . = ALIGN (0x2)
 *(.text.*)
 .text.UART_init
                0x00000b46      0x2ec ./MCAL/UART_driver/UART.o
                0x00000b46                UART_init
 .text.UART_CheckSync
                0x00000e32       0x26 ./MCAL/UART_driver/UART.o
 .text.UART_CheckParity
                0x00000e58       0x34 ./MCAL/UART_driver/UART.o
 .text.UART_CheckStopBit
                0x00000e8c       0x26 ./MCAL/UART_driver/UART.o
 .text.UART_sendByte
                0x00000eb2       0x7c ./MCAL/UART_driver/UART.o
                0x00000eb2                UART_sendByte
 .text.UART_recieveByte
                0x00000f2e       0x62 ./MCAL/UART_driver/UART.o
                0x00000f2e                UART_recieveByte
 .text.UART_GetPollingFlag
                0x00000f90       0x52 ./MCAL/UART_driver/UART.o
                0x00000f90                UART_GetPollingFlag
 .text.UART_TX_SetCallBack
                0x00000fe2       0x3a ./MCAL/UART_driver/UART.o
                0x00000fe2                UART_TX_SetCallBack
 .text.UART_RX_SetCallBack
                0x0000101c       0x3a ./MCAL/UART_driver/UART.o
                0x0000101c                UART_RX_SetCallBack
 .text.__vector_14
                0x00001056       0x92 ./MCAL/UART_driver/UART.o
                0x00001056                __vector_14
 .text.__vector_13
                0x000010e8       0x9c ./MCAL/UART_driver/UART.o
                0x000010e8                __vector_13
 .text.__vector_15
                0x00001184       0x74 ./MCAL/UART_driver/UART.o
                0x00001184                __vector_15
 .text.Timer_Init
                0x000011f8      0x12a ./MCAL/TIMER_driver/Timer_program.o
                0x000011f8                Timer_Init
 .text.Timer_Start
                0x00001322      0x20e ./MCAL/TIMER_driver/Timer_program.o
                0x00001322                Timer_Start
 .text.Timer_Stop
                0x00001530       0x62 ./MCAL/TIMER_driver/Timer_program.o
                0x00001530                Timer_Stop
 .text.Timer_Reset
                0x00001592       0x54 ./MCAL/TIMER_driver/Timer_program.o
                0x00001592                Timer_Reset
 .text.Timer_Get_TickTime
                0x000015e6      0x184 ./MCAL/TIMER_driver/Timer_program.o
                0x000015e6                Timer_Get_TickTime
 .text.Timer_Get_FlagStatus
                0x0000176a       0x7e ./MCAL/TIMER_driver/Timer_program.o
                0x0000176a                Timer_Get_FlagStatus
 .text.TIMER_SetCallBack
                0x000017e8       0x4e ./MCAL/TIMER_driver/Timer_program.o
                0x000017e8                TIMER_SetCallBack
 .text.__vector_10
                0x00001836       0x66 ./MCAL/TIMER_driver/Timer_program.o
                0x00001836                __vector_10
 .text.Sleep_PowerSaveMode
                0x0000189c       0x38 ./MCAL/Sleep_driver/SleepModes.o
                0x0000189c                Sleep_PowerSaveMode
 .text.DIO_u8Init_PORT
                0x000018d4       0x90 ./MCAL/DIO_driver/MCAL_DIO_program.o
                0x000018d4                DIO_u8Init_PORT
 .text.DIO_u8Init_PIN
                0x00001964      0x194 ./MCAL/DIO_driver/MCAL_DIO_program.o
                0x00001964                DIO_u8Init_PIN
 .text.DIO_u8SetPortValue
                0x00001af8       0x9c ./MCAL/DIO_driver/MCAL_DIO_program.o
                0x00001af8                DIO_u8SetPortValue
 .text.DIO_u8SetPinValue
                0x00001b94      0x194 ./MCAL/DIO_driver/MCAL_DIO_program.o
                0x00001b94                DIO_u8SetPinValue
 .text.DIO_u8GetPortValue
                0x00001d28       0xb2 ./MCAL/DIO_driver/MCAL_DIO_program.o
                0x00001d28                DIO_u8GetPortValue
 .text.DIO_u8GetPinValue
                0x00001dda      0x112 ./MCAL/DIO_driver/MCAL_DIO_program.o
                0x00001dda                DIO_u8GetPinValue
 .text.DIO_u8SetPortInputType
                0x00001eec      0x122 ./MCAL/DIO_driver/MCAL_DIO_program.o
                0x00001eec                DIO_u8SetPortInputType
 .text.DIO_u8SetPinInputType
                0x0000200e      0x280 ./MCAL/DIO_driver/MCAL_DIO_program.o
                0x0000200e                DIO_u8SetPinInputType
 .text.LCD_u8WriteCommand
                0x0000228e      0x13c ./LCD_program.o
                0x0000228e                LCD_u8WriteCommand
 .text.LCD_u8WriteData
                0x000023ca      0x13c ./LCD_program.o
                0x000023ca                LCD_u8WriteData
 .text.LCD_voidInit
                0x00002506      0x3e8 ./LCD_program.o
                0x00002506                LCD_voidInit
 .text.LCD_u8WriteString
                0x000028ee       0x52 ./LCD_program.o
                0x000028ee                LCD_u8WriteString
 .text.LCD_voidGoToXY
                0x00002940       0x3c ./LCD_program.o
                0x00002940                LCD_voidGoToXY
 .text.LCD_voidEnable
                0x0000297c       0x14 ./LCD_program.o
                0x0000297c                LCD_voidEnable
 .text.LCD_voidDisable
                0x00002990       0x14 ./LCD_program.o
                0x00002990                LCD_voidDisable
 .text.LCD_voidCursorDisable
                0x000029a4       0x14 ./LCD_program.o
                0x000029a4                LCD_voidCursorDisable
 .text.LCD_voidCursorEnable
                0x000029b8       0x14 ./LCD_program.o
                0x000029b8                LCD_voidCursorEnable
 .text.LCD_voidCursorBlinkEnable
                0x000029cc       0x14 ./LCD_program.o
                0x000029cc                LCD_voidCursorBlinkEnable
 .text.LCD_voidCursorBlinkDisable
                0x000029e0       0x14 ./LCD_program.o
                0x000029e0                LCD_voidCursorBlinkDisable
 .text.LCD_voidWriteSpecialChar
                0x000029f4       0x78 ./LCD_program.o
                0x000029f4                LCD_voidWriteSpecialChar
 .text.LCD_voidWriteNumber
                0x00002a6c       0xde ./LCD_program.o
                0x00002a6c                LCD_voidWriteNumber
 .text.SPI_Init
                0x00002b4a      0x3ec ./SPI.o
                0x00002b4a                SPI_Init
 .text.SPI_Sendbyte
                0x00002f36       0x8c ./SPI.o
                0x00002f36                SPI_Sendbyte
 .text.SPI_Receivebyte
                0x00002fc2       0x9e ./SPI.o
                0x00002fc2                SPI_Receivebyte
 .text.__vector_12
                0x00003060       0x14 ./SPI.o
                0x00003060                __vector_12
 .text.main     0x00003074      0x120 ./main.o
                0x00003074                main
 .text.libgcc   0x00003194       0x28 c:/users/mosta/desktop/imt-c/imt_tools_x64/imt_sdk_win_64/imt_sdk_win_64/winavr/bin/../lib/gcc/avr/4.3.3/avr5\libgcc.a(_udivmodhi4.o)
                0x00003194                __udivmodhi4
 .text.libgcc   0x000031bc       0x44 c:/users/mosta/desktop/imt-c/imt_tools_x64/imt_sdk_win_64/imt_sdk_win_64/winavr/bin/../lib/gcc/avr/4.3.3/avr5\libgcc.a(_udivmodsi4.o)
                0x000031bc                __udivmodsi4
 .text.libgcc   0x00003200        0x0 c:/users/mosta/desktop/imt-c/imt_tools_x64/imt_sdk_win_64/imt_sdk_win_64/winavr/bin/../lib/gcc/avr/4.3.3/avr5\libgcc.a(_exit.o)
 .text.libgcc   0x00003200        0x0 c:/users/mosta/desktop/imt-c/imt_tools_x64/imt_sdk_win_64/imt_sdk_win_64/winavr/bin/../lib/gcc/avr/4.3.3/avr5\libgcc.a(_copy_data.o)
 .text.libgcc   0x00003200        0x0 c:/users/mosta/desktop/imt-c/imt_tools_x64/imt_sdk_win_64/imt_sdk_win_64/winavr/bin/../lib/gcc/avr/4.3.3/avr5\libgcc.a(_clear_bss.o)
 .text.libgcc   0x00003200       0x38 c:/users/mosta/desktop/imt-c/imt_tools_x64/imt_sdk_win_64/imt_sdk_win_64/winavr/bin/../lib/gcc/avr/4.3.3/avr5\libgcc.a(_prologue.o)
                0x00003200                __prologue_saves__
 .text.libgcc   0x00003238       0x36 c:/users/mosta/desktop/imt-c/imt_tools_x64/imt_sdk_win_64/imt_sdk_win_64/winavr/bin/../lib/gcc/avr/4.3.3/avr5\libgcc.a(_epilogue.o)
                0x00003238                __epilogue_restores__
                0x0000326e                . = ALIGN (0x2)
 *(.fini9)
 .fini9         0x0000326e        0x0 c:/users/mosta/desktop/imt-c/imt_tools_x64/imt_sdk_win_64/imt_sdk_win_64/winavr/bin/../lib/gcc/avr/4.3.3/avr5\libgcc.a(_exit.o)
                0x0000326e                exit
                0x0000326e                _exit
 *(.fini9)
 *(.fini8)
 *(.fini8)
 *(.fini7)
 *(.fini7)
 *(.fini6)
 *(.fini6)
 *(.fini5)
 *(.fini5)
 *(.fini4)
 *(.fini4)
 *(.fini3)
 *(.fini3)
 *(.fini2)
 *(.fini2)
 *(.fini1)
 *(.fini1)
 *(.fini0)
 .fini0         0x0000326e        0x4 c:/users/mosta/desktop/imt-c/imt_tools_x64/imt_sdk_win_64/imt_sdk_win_64/winavr/bin/../lib/gcc/avr/4.3.3/avr5\libgcc.a(_exit.o)
 *(.fini0)
                0x00003272                _etext = .

.data           0x00800060       0x14 load address 0x00003272
                0x00800060                PROVIDE (__data_start, .)
 *(.data)
 .data          0x00800060        0x0 c:/users/mosta/desktop/imt-c/imt_tools_x64/imt_sdk_win_64/imt_sdk_win_64/winavr/bin/../lib/gcc/avr/4.3.3/../../../../avr/lib/avr5/crtm32.o
 .data          0x00800060        0x0 ./MCAL/UART_driver/UART.o
 .data          0x00800060        0x0 ./MCAL/TIMER_driver/Timer_PbCfg.o
 .data          0x00800060        0x0 ./MCAL/TIMER_driver/Timer_program.o
 .data          0x00800060        0x0 ./MCAL/Sleep_driver/SleepModes.o
 .data          0x00800060        0x0 ./MCAL/DIO_driver/MCAL_DIO_program.o
 .data          0x00800060        0x0 ./LCD_program.o
 .data          0x00800060        0x0 ./SPI.o
 .data          0x00800060        0x0 ./main.o
 .data          0x00800060        0x0 c:/users/mosta/desktop/imt-c/imt_tools_x64/imt_sdk_win_64/imt_sdk_win_64/winavr/bin/../lib/gcc/avr/4.3.3/avr5\libgcc.a(_udivmodhi4.o)
 .data          0x00800060        0x0 c:/users/mosta/desktop/imt-c/imt_tools_x64/imt_sdk_win_64/imt_sdk_win_64/winavr/bin/../lib/gcc/avr/4.3.3/avr5\libgcc.a(_udivmodsi4.o)
 .data          0x00800060        0x0 c:/users/mosta/desktop/imt-c/imt_tools_x64/imt_sdk_win_64/imt_sdk_win_64/winavr/bin/../lib/gcc/avr/4.3.3/avr5\libgcc.a(_exit.o)
 .data          0x00800060        0x0 c:/users/mosta/desktop/imt-c/imt_tools_x64/imt_sdk_win_64/imt_sdk_win_64/winavr/bin/../lib/gcc/avr/4.3.3/avr5\libgcc.a(_copy_data.o)
 .data          0x00800060        0x0 c:/users/mosta/desktop/imt-c/imt_tools_x64/imt_sdk_win_64/imt_sdk_win_64/winavr/bin/../lib/gcc/avr/4.3.3/avr5\libgcc.a(_clear_bss.o)
 .data          0x00800060        0x0 c:/users/mosta/desktop/imt-c/imt_tools_x64/imt_sdk_win_64/imt_sdk_win_64/winavr/bin/../lib/gcc/avr/4.3.3/avr5\libgcc.a(_fixunssfsi.o)
 .data          0x00800060        0x0 c:/users/mosta/desktop/imt-c/imt_tools_x64/imt_sdk_win_64/imt_sdk_win_64/winavr/bin/../lib/gcc/avr/4.3.3/avr5\libgcc.a(_addsub_sf.o)
 .data          0x00800060        0x0 c:/users/mosta/desktop/imt-c/imt_tools_x64/imt_sdk_win_64/imt_sdk_win_64/winavr/bin/../lib/gcc/avr/4.3.3/avr5\libgcc.a(_mul_sf.o)
 .data          0x00800060        0x0 c:/users/mosta/desktop/imt-c/imt_tools_x64/imt_sdk_win_64/imt_sdk_win_64/winavr/bin/../lib/gcc/avr/4.3.3/avr5\libgcc.a(_gt_sf.o)
 .data          0x00800060        0x0 c:/users/mosta/desktop/imt-c/imt_tools_x64/imt_sdk_win_64/imt_sdk_win_64/winavr/bin/../lib/gcc/avr/4.3.3/avr5\libgcc.a(_ge_sf.o)
 .data          0x00800060        0x0 c:/users/mosta/desktop/imt-c/imt_tools_x64/imt_sdk_win_64/imt_sdk_win_64/winavr/bin/../lib/gcc/avr/4.3.3/avr5\libgcc.a(_lt_sf.o)
 .data          0x00800060        0x0 c:/users/mosta/desktop/imt-c/imt_tools_x64/imt_sdk_win_64/imt_sdk_win_64/winavr/bin/../lib/gcc/avr/4.3.3/avr5\libgcc.a(_sf_to_si.o)
 .data          0x00800060        0x8 c:/users/mosta/desktop/imt-c/imt_tools_x64/imt_sdk_win_64/imt_sdk_win_64/winavr/bin/../lib/gcc/avr/4.3.3/avr5\libgcc.a(_thenan_sf.o)
                0x00800060                __thenan_sf
 .data          0x00800068        0x0 c:/users/mosta/desktop/imt-c/imt_tools_x64/imt_sdk_win_64/imt_sdk_win_64/winavr/bin/../lib/gcc/avr/4.3.3/avr5\libgcc.a(_prologue.o)
 .data          0x00800068        0x0 c:/users/mosta/desktop/imt-c/imt_tools_x64/imt_sdk_win_64/imt_sdk_win_64/winavr/bin/../lib/gcc/avr/4.3.3/avr5\libgcc.a(_epilogue.o)
 .data          0x00800068        0x0 c:/users/mosta/desktop/imt-c/imt_tools_x64/imt_sdk_win_64/imt_sdk_win_64/winavr/bin/../lib/gcc/avr/4.3.3/avr5\libgcc.a(_pack_sf.o)
 .data          0x00800068        0x0 c:/users/mosta/desktop/imt-c/imt_tools_x64/imt_sdk_win_64/imt_sdk_win_64/winavr/bin/../lib/gcc/avr/4.3.3/avr5\libgcc.a(_unpack_sf.o)
 .data          0x00800068        0x0 c:/users/mosta/desktop/imt-c/imt_tools_x64/imt_sdk_win_64/imt_sdk_win_64/winavr/bin/../lib/gcc/avr/4.3.3/avr5\libgcc.a(_fpcmp_parts_sf.o)
 *(.data*)
 .data.Timer0   0x00800068        0x4 ./MCAL/TIMER_driver/Timer_PbCfg.o
                0x00800068                Timer0
 .data.Gu8_ISR_Flag
                0x0080006c        0x1 ./SPI.o
                0x0080006c                Gu8_ISR_Flag
 .data.ObjUart  0x0080006d        0x6 ./main.o
                0x0080006d                ObjUart
 *(.rodata)
 *(.rodata*)
 *(.gnu.linkonce.d*)
                0x00800074                . = ALIGN (0x2)
 *fill*         0x00800073        0x1 00
                0x00800074                _edata = .
                0x00800074                PROVIDE (__data_end, .)

.bss            0x00800074       0x15
                0x00800074                PROVIDE (__bss_start, .)
 *(.bss)
 .bss           0x00800074        0x0 c:/users/mosta/desktop/imt-c/imt_tools_x64/imt_sdk_win_64/imt_sdk_win_64/winavr/bin/../lib/gcc/avr/4.3.3/../../../../avr/lib/avr5/crtm32.o
 .bss           0x00800074        0x0 ./MCAL/UART_driver/UART.o
 .bss           0x00800074        0x0 ./MCAL/TIMER_driver/Timer_PbCfg.o
 .bss           0x00800074        0x0 ./MCAL/TIMER_driver/Timer_program.o
 .bss           0x00800074        0x0 ./MCAL/Sleep_driver/SleepModes.o
 .bss           0x00800074        0x0 ./MCAL/DIO_driver/MCAL_DIO_program.o
 .bss           0x00800074        0x0 ./LCD_program.o
 .bss           0x00800074        0x0 ./SPI.o
 .bss           0x00800074        0x0 ./main.o
 .bss           0x00800074        0x0 c:/users/mosta/desktop/imt-c/imt_tools_x64/imt_sdk_win_64/imt_sdk_win_64/winavr/bin/../lib/gcc/avr/4.3.3/avr5\libgcc.a(_udivmodhi4.o)
 .bss           0x00800074        0x0 c:/users/mosta/desktop/imt-c/imt_tools_x64/imt_sdk_win_64/imt_sdk_win_64/winavr/bin/../lib/gcc/avr/4.3.3/avr5\libgcc.a(_udivmodsi4.o)
 .bss           0x00800074        0x0 c:/users/mosta/desktop/imt-c/imt_tools_x64/imt_sdk_win_64/imt_sdk_win_64/winavr/bin/../lib/gcc/avr/4.3.3/avr5\libgcc.a(_exit.o)
 .bss           0x00800074        0x0 c:/users/mosta/desktop/imt-c/imt_tools_x64/imt_sdk_win_64/imt_sdk_win_64/winavr/bin/../lib/gcc/avr/4.3.3/avr5\libgcc.a(_copy_data.o)
 .bss           0x00800074        0x0 c:/users/mosta/desktop/imt-c/imt_tools_x64/imt_sdk_win_64/imt_sdk_win_64/winavr/bin/../lib/gcc/avr/4.3.3/avr5\libgcc.a(_clear_bss.o)
 .bss           0x00800074        0x0 c:/users/mosta/desktop/imt-c/imt_tools_x64/imt_sdk_win_64/imt_sdk_win_64/winavr/bin/../lib/gcc/avr/4.3.3/avr5\libgcc.a(_fixunssfsi.o)
 .bss           0x00800074        0x0 c:/users/mosta/desktop/imt-c/imt_tools_x64/imt_sdk_win_64/imt_sdk_win_64/winavr/bin/../lib/gcc/avr/4.3.3/avr5\libgcc.a(_addsub_sf.o)
 .bss           0x00800074        0x0 c:/users/mosta/desktop/imt-c/imt_tools_x64/imt_sdk_win_64/imt_sdk_win_64/winavr/bin/../lib/gcc/avr/4.3.3/avr5\libgcc.a(_mul_sf.o)
 .bss           0x00800074        0x0 c:/users/mosta/desktop/imt-c/imt_tools_x64/imt_sdk_win_64/imt_sdk_win_64/winavr/bin/../lib/gcc/avr/4.3.3/avr5\libgcc.a(_gt_sf.o)
 .bss           0x00800074        0x0 c:/users/mosta/desktop/imt-c/imt_tools_x64/imt_sdk_win_64/imt_sdk_win_64/winavr/bin/../lib/gcc/avr/4.3.3/avr5\libgcc.a(_ge_sf.o)
 .bss           0x00800074        0x0 c:/users/mosta/desktop/imt-c/imt_tools_x64/imt_sdk_win_64/imt_sdk_win_64/winavr/bin/../lib/gcc/avr/4.3.3/avr5\libgcc.a(_lt_sf.o)
 .bss           0x00800074        0x0 c:/users/mosta/desktop/imt-c/imt_tools_x64/imt_sdk_win_64/imt_sdk_win_64/winavr/bin/../lib/gcc/avr/4.3.3/avr5\libgcc.a(_sf_to_si.o)
 .bss           0x00800074        0x0 c:/users/mosta/desktop/imt-c/imt_tools_x64/imt_sdk_win_64/imt_sdk_win_64/winavr/bin/../lib/gcc/avr/4.3.3/avr5\libgcc.a(_thenan_sf.o)
 .bss           0x00800074        0x0 c:/users/mosta/desktop/imt-c/imt_tools_x64/imt_sdk_win_64/imt_sdk_win_64/winavr/bin/../lib/gcc/avr/4.3.3/avr5\libgcc.a(_prologue.o)
 .bss           0x00800074        0x0 c:/users/mosta/desktop/imt-c/imt_tools_x64/imt_sdk_win_64/imt_sdk_win_64/winavr/bin/../lib/gcc/avr/4.3.3/avr5\libgcc.a(_epilogue.o)
 .bss           0x00800074        0x0 c:/users/mosta/desktop/imt-c/imt_tools_x64/imt_sdk_win_64/imt_sdk_win_64/winavr/bin/../lib/gcc/avr/4.3.3/avr5\libgcc.a(_pack_sf.o)
 .bss           0x00800074        0x0 c:/users/mosta/desktop/imt-c/imt_tools_x64/imt_sdk_win_64/imt_sdk_win_64/winavr/bin/../lib/gcc/avr/4.3.3/avr5\libgcc.a(_unpack_sf.o)
 .bss           0x00800074        0x0 c:/users/mosta/desktop/imt-c/imt_tools_x64/imt_sdk_win_64/imt_sdk_win_64/winavr/bin/../lib/gcc/avr/4.3.3/avr5\libgcc.a(_fpcmp_parts_sf.o)
 *(.bss*)
 .bss.G_UartMode
                0x00800074        0x1 ./MCAL/UART_driver/UART.o
 .bss.G_sendData
                0x00800075        0x1 ./MCAL/UART_driver/UART.o
 .bss.UART_TX_CallBack
                0x00800076        0x2 ./MCAL/UART_driver/UART.o
 .bss.UART_RX_CallBack
                0x00800078        0x2 ./MCAL/UART_driver/UART.o
 .bss.TIMER0_CallBack
                0x0080007a        0x2 ./MCAL/TIMER_driver/Timer_program.o
 .bss.GSA_uint8_Prescaler_Timer
                0x0080007c        0x3 ./MCAL/TIMER_driver/Timer_program.o
 .bss.GSA_uint8_Mode_Timer
                0x0080007f        0x3 ./MCAL/TIMER_driver/Timer_program.o
 .bss.Gu8_Interrupt_Mode
                0x00800082        0x1 ./SPI.o
 .bss.Gu8_Init_Flag
                0x00800083        0x1 ./SPI.o
 .bss.Gpu8_Data
                0x00800084        0x2 ./SPI.o
 .bss.Gu8_Mode_Flag
                0x00800086        0x1 ./SPI.o
 *(COMMON)
 COMMON         0x00800087        0x2 ./MCAL/UART_driver/UART.o
                0x00800087                G_RecData
                0x00800089                PROVIDE (__bss_end, .)
                0x00003272                __data_load_start = LOADADDR (.data)
                0x00003286                __data_load_end = (__data_load_start + SIZEOF (.data))

.noinit         0x00800089        0x0
                0x00800089                PROVIDE (__noinit_start, .)
 *(.noinit*)
                0x00800089                PROVIDE (__noinit_end, .)
                0x00800089                _end = .
                0x00800089                PROVIDE (__heap_start, .)

.eeprom         0x00810000        0x0
 *(.eeprom*)
                0x00810000                __eeprom_end = .

.fuse
 *(.fuse)
 *(.lfuse)
 *(.hfuse)
 *(.efuse)

.lock
 *(.lock*)

.signature
 *(.signature*)

.stab           0x00000000     0x360c
 *(.stab)
 .stab          0x00000000      0xa08 ./MCAL/UART_driver/UART.o
 .stab          0x00000a08      0x12c ./MCAL/TIMER_driver/Timer_PbCfg.o
                                0x1bc (size before relaxing)
 .stab          0x00000b34      0x8f4 ./MCAL/TIMER_driver/Timer_program.o
                                0x99c (size before relaxing)
 .stab          0x00001428      0x15c ./MCAL/Sleep_driver/SleepModes.o
                                0x1ec (size before relaxing)
 .stab          0x00001584      0x9c0 ./MCAL/DIO_driver/MCAL_DIO_program.o
                                0xa50 (size before relaxing)
 .stab          0x00001f44      0xc3c ./LCD_program.o
                                0xccc (size before relaxing)
 .stab          0x00002b80      0x720 ./SPI.o
                                0x7b0 (size before relaxing)
 .stab          0x000032a0      0x36c ./main.o
                                0x438 (size before relaxing)

.stabstr        0x00000000     0x16a0
 *(.stabstr)
 .stabstr       0x00000000     0x16a0 ./MCAL/UART_driver/UART.o

.stab.excl
 *(.stab.excl)

.stab.exclstr
 *(.stab.exclstr)

.stab.index
 *(.stab.index)

.stab.indexstr
 *(.stab.indexstr)

.comment
 *(.comment)

.debug
 *(.debug)

.line
 *(.line)

.debug_srcinfo
 *(.debug_srcinfo)

.debug_sfnames
 *(.debug_sfnames)

.debug_aranges  0x00000000      0x140
 *(.debug_aranges)
 .debug_aranges
                0x00000000       0x20 c:/users/mosta/desktop/imt-c/imt_tools_x64/imt_sdk_win_64/imt_sdk_win_64/winavr/bin/../lib/gcc/avr/4.3.3/avr5\libgcc.a(_fixunssfsi.o)
 .debug_aranges
                0x00000020       0x20 c:/users/mosta/desktop/imt-c/imt_tools_x64/imt_sdk_win_64/imt_sdk_win_64/winavr/bin/../lib/gcc/avr/4.3.3/avr5\libgcc.a(_addsub_sf.o)
 .debug_aranges
                0x00000040       0x20 c:/users/mosta/desktop/imt-c/imt_tools_x64/imt_sdk_win_64/imt_sdk_win_64/winavr/bin/../lib/gcc/avr/4.3.3/avr5\libgcc.a(_mul_sf.o)
 .debug_aranges
                0x00000060       0x20 c:/users/mosta/desktop/imt-c/imt_tools_x64/imt_sdk_win_64/imt_sdk_win_64/winavr/bin/../lib/gcc/avr/4.3.3/avr5\libgcc.a(_gt_sf.o)
 .debug_aranges
                0x00000080       0x20 c:/users/mosta/desktop/imt-c/imt_tools_x64/imt_sdk_win_64/imt_sdk_win_64/winavr/bin/../lib/gcc/avr/4.3.3/avr5\libgcc.a(_ge_sf.o)
 .debug_aranges
                0x000000a0       0x20 c:/users/mosta/desktop/imt-c/imt_tools_x64/imt_sdk_win_64/imt_sdk_win_64/winavr/bin/../lib/gcc/avr/4.3.3/avr5\libgcc.a(_lt_sf.o)
 .debug_aranges
                0x000000c0       0x20 c:/users/mosta/desktop/imt-c/imt_tools_x64/imt_sdk_win_64/imt_sdk_win_64/winavr/bin/../lib/gcc/avr/4.3.3/avr5\libgcc.a(_sf_to_si.o)
 .debug_aranges
                0x000000e0       0x20 c:/users/mosta/desktop/imt-c/imt_tools_x64/imt_sdk_win_64/imt_sdk_win_64/winavr/bin/../lib/gcc/avr/4.3.3/avr5\libgcc.a(_pack_sf.o)
 .debug_aranges
                0x00000100       0x20 c:/users/mosta/desktop/imt-c/imt_tools_x64/imt_sdk_win_64/imt_sdk_win_64/winavr/bin/../lib/gcc/avr/4.3.3/avr5\libgcc.a(_unpack_sf.o)
 .debug_aranges
                0x00000120       0x20 c:/users/mosta/desktop/imt-c/imt_tools_x64/imt_sdk_win_64/imt_sdk_win_64/winavr/bin/../lib/gcc/avr/4.3.3/avr5\libgcc.a(_fpcmp_parts_sf.o)

.debug_pubnames
                0x00000000      0x170
 *(.debug_pubnames)
 .debug_pubnames
                0x00000000       0x23 c:/users/mosta/desktop/imt-c/imt_tools_x64/imt_sdk_win_64/imt_sdk_win_64/winavr/bin/../lib/gcc/avr/4.3.3/avr5\libgcc.a(_fixunssfsi.o)
 .debug_pubnames
                0x00000023       0x2c c:/users/mosta/desktop/imt-c/imt_tools_x64/imt_sdk_win_64/imt_sdk_win_64/winavr/bin/../lib/gcc/avr/4.3.3/avr5\libgcc.a(_addsub_sf.o)
 .debug_pubnames
                0x0000004f       0x1f c:/users/mosta/desktop/imt-c/imt_tools_x64/imt_sdk_win_64/imt_sdk_win_64/winavr/bin/../lib/gcc/avr/4.3.3/avr5\libgcc.a(_mul_sf.o)
 .debug_pubnames
                0x0000006e       0x1e c:/users/mosta/desktop/imt-c/imt_tools_x64/imt_sdk_win_64/imt_sdk_win_64/winavr/bin/../lib/gcc/avr/4.3.3/avr5\libgcc.a(_gt_sf.o)
 .debug_pubnames
                0x0000008c       0x1e c:/users/mosta/desktop/imt-c/imt_tools_x64/imt_sdk_win_64/imt_sdk_win_64/winavr/bin/../lib/gcc/avr/4.3.3/avr5\libgcc.a(_ge_sf.o)
 .debug_pubnames
                0x000000aa       0x1e c:/users/mosta/desktop/imt-c/imt_tools_x64/imt_sdk_win_64/imt_sdk_win_64/winavr/bin/../lib/gcc/avr/4.3.3/avr5\libgcc.a(_lt_sf.o)
 .debug_pubnames
                0x000000c8       0x20 c:/users/mosta/desktop/imt-c/imt_tools_x64/imt_sdk_win_64/imt_sdk_win_64/winavr/bin/../lib/gcc/avr/4.3.3/avr5\libgcc.a(_sf_to_si.o)
 .debug_pubnames
                0x000000e8       0x22 c:/users/mosta/desktop/imt-c/imt_tools_x64/imt_sdk_win_64/imt_sdk_win_64/winavr/bin/../lib/gcc/avr/4.3.3/avr5\libgcc.a(_thenan_sf.o)
 .debug_pubnames
                0x0000010a       0x1f c:/users/mosta/desktop/imt-c/imt_tools_x64/imt_sdk_win_64/imt_sdk_win_64/winavr/bin/../lib/gcc/avr/4.3.3/avr5\libgcc.a(_pack_sf.o)
 .debug_pubnames
                0x00000129       0x21 c:/users/mosta/desktop/imt-c/imt_tools_x64/imt_sdk_win_64/imt_sdk_win_64/winavr/bin/../lib/gcc/avr/4.3.3/avr5\libgcc.a(_unpack_sf.o)
 .debug_pubnames
                0x0000014a       0x26 c:/users/mosta/desktop/imt-c/imt_tools_x64/imt_sdk_win_64/imt_sdk_win_64/winavr/bin/../lib/gcc/avr/4.3.3/avr5\libgcc.a(_fpcmp_parts_sf.o)

.debug_info     0x00000000     0x1c49
 *(.debug_info)
 .debug_info    0x00000000       0xb1 c:/users/mosta/desktop/imt-c/imt_tools_x64/imt_sdk_win_64/imt_sdk_win_64/winavr/bin/../lib/gcc/avr/4.3.3/avr5\libgcc.a(_fixunssfsi.o)
 .debug_info    0x000000b1      0x47a c:/users/mosta/desktop/imt-c/imt_tools_x64/imt_sdk_win_64/imt_sdk_win_64/winavr/bin/../lib/gcc/avr/4.3.3/avr5\libgcc.a(_addsub_sf.o)
 .debug_info    0x0000052b      0x485 c:/users/mosta/desktop/imt-c/imt_tools_x64/imt_sdk_win_64/imt_sdk_win_64/winavr/bin/../lib/gcc/avr/4.3.3/avr5\libgcc.a(_mul_sf.o)
 .debug_info    0x000009b0      0x27f c:/users/mosta/desktop/imt-c/imt_tools_x64/imt_sdk_win_64/imt_sdk_win_64/winavr/bin/../lib/gcc/avr/4.3.3/avr5\libgcc.a(_gt_sf.o)
 .debug_info    0x00000c2f      0x27f c:/users/mosta/desktop/imt-c/imt_tools_x64/imt_sdk_win_64/imt_sdk_win_64/winavr/bin/../lib/gcc/avr/4.3.3/avr5\libgcc.a(_ge_sf.o)
 .debug_info    0x00000eae      0x27f c:/users/mosta/desktop/imt-c/imt_tools_x64/imt_sdk_win_64/imt_sdk_win_64/winavr/bin/../lib/gcc/avr/4.3.3/avr5\libgcc.a(_lt_sf.o)
 .debug_info    0x0000112d      0x2b0 c:/users/mosta/desktop/imt-c/imt_tools_x64/imt_sdk_win_64/imt_sdk_win_64/winavr/bin/../lib/gcc/avr/4.3.3/avr5\libgcc.a(_sf_to_si.o)
 .debug_info    0x000013dd      0x12c c:/users/mosta/desktop/imt-c/imt_tools_x64/imt_sdk_win_64/imt_sdk_win_64/winavr/bin/../lib/gcc/avr/4.3.3/avr5\libgcc.a(_thenan_sf.o)
 .debug_info    0x00001509      0x2df c:/users/mosta/desktop/imt-c/imt_tools_x64/imt_sdk_win_64/imt_sdk_win_64/winavr/bin/../lib/gcc/avr/4.3.3/avr5\libgcc.a(_pack_sf.o)
 .debug_info    0x000017e8      0x251 c:/users/mosta/desktop/imt-c/imt_tools_x64/imt_sdk_win_64/imt_sdk_win_64/winavr/bin/../lib/gcc/avr/4.3.3/avr5\libgcc.a(_unpack_sf.o)
 .debug_info    0x00001a39      0x210 c:/users/mosta/desktop/imt-c/imt_tools_x64/imt_sdk_win_64/imt_sdk_win_64/winavr/bin/../lib/gcc/avr/4.3.3/avr5\libgcc.a(_fpcmp_parts_sf.o)
 *(.gnu.linkonce.wi.*)

.debug_abbrev   0x00000000      0xeeb
 *(.debug_abbrev)
 .debug_abbrev  0x00000000       0x5d c:/users/mosta/desktop/imt-c/imt_tools_x64/imt_sdk_win_64/imt_sdk_win_64/winavr/bin/../lib/gcc/avr/4.3.3/avr5\libgcc.a(_fixunssfsi.o)
 .debug_abbrev  0x0000005d      0x1ea c:/users/mosta/desktop/imt-c/imt_tools_x64/imt_sdk_win_64/imt_sdk_win_64/winavr/bin/../lib/gcc/avr/4.3.3/avr5\libgcc.a(_addsub_sf.o)
 .debug_abbrev  0x00000247      0x21b c:/users/mosta/desktop/imt-c/imt_tools_x64/imt_sdk_win_64/imt_sdk_win_64/winavr/bin/../lib/gcc/avr/4.3.3/avr5\libgcc.a(_mul_sf.o)
 .debug_abbrev  0x00000462      0x15a c:/users/mosta/desktop/imt-c/imt_tools_x64/imt_sdk_win_64/imt_sdk_win_64/winavr/bin/../lib/gcc/avr/4.3.3/avr5\libgcc.a(_gt_sf.o)
 .debug_abbrev  0x000005bc      0x15a c:/users/mosta/desktop/imt-c/imt_tools_x64/imt_sdk_win_64/imt_sdk_win_64/winavr/bin/../lib/gcc/avr/4.3.3/avr5\libgcc.a(_ge_sf.o)
 .debug_abbrev  0x00000716      0x15a c:/users/mosta/desktop/imt-c/imt_tools_x64/imt_sdk_win_64/imt_sdk_win_64/winavr/bin/../lib/gcc/avr/4.3.3/avr5\libgcc.a(_lt_sf.o)
 .debug_abbrev  0x00000870      0x17f c:/users/mosta/desktop/imt-c/imt_tools_x64/imt_sdk_win_64/imt_sdk_win_64/winavr/bin/../lib/gcc/avr/4.3.3/avr5\libgcc.a(_sf_to_si.o)
 .debug_abbrev  0x000009ef       0xad c:/users/mosta/desktop/imt-c/imt_tools_x64/imt_sdk_win_64/imt_sdk_win_64/winavr/bin/../lib/gcc/avr/4.3.3/avr5\libgcc.a(_thenan_sf.o)
 .debug_abbrev  0x00000a9c      0x1c0 c:/users/mosta/desktop/imt-c/imt_tools_x64/imt_sdk_win_64/imt_sdk_win_64/winavr/bin/../lib/gcc/avr/4.3.3/avr5\libgcc.a(_pack_sf.o)
 .debug_abbrev  0x00000c5c      0x154 c:/users/mosta/desktop/imt-c/imt_tools_x64/imt_sdk_win_64/imt_sdk_win_64/winavr/bin/../lib/gcc/avr/4.3.3/avr5\libgcc.a(_unpack_sf.o)
 .debug_abbrev  0x00000db0      0x13b c:/users/mosta/desktop/imt-c/imt_tools_x64/imt_sdk_win_64/imt_sdk_win_64/winavr/bin/../lib/gcc/avr/4.3.3/avr5\libgcc.a(_fpcmp_parts_sf.o)

.debug_line     0x00000000      0xdad
 *(.debug_line)
 .debug_line    0x00000000       0xa7 c:/users/mosta/desktop/imt-c/imt_tools_x64/imt_sdk_win_64/imt_sdk_win_64/winavr/bin/../lib/gcc/avr/4.3.3/avr5\libgcc.a(_fixunssfsi.o)
 .debug_line    0x000000a7      0x2af c:/users/mosta/desktop/imt-c/imt_tools_x64/imt_sdk_win_64/imt_sdk_win_64/winavr/bin/../lib/gcc/avr/4.3.3/avr5\libgcc.a(_addsub_sf.o)
 .debug_line    0x00000356      0x239 c:/users/mosta/desktop/imt-c/imt_tools_x64/imt_sdk_win_64/imt_sdk_win_64/winavr/bin/../lib/gcc/avr/4.3.3/avr5\libgcc.a(_mul_sf.o)
 .debug_line    0x0000058f       0xd3 c:/users/mosta/desktop/imt-c/imt_tools_x64/imt_sdk_win_64/imt_sdk_win_64/winavr/bin/../lib/gcc/avr/4.3.3/avr5\libgcc.a(_gt_sf.o)
 .debug_line    0x00000662       0xd3 c:/users/mosta/desktop/imt-c/imt_tools_x64/imt_sdk_win_64/imt_sdk_win_64/winavr/bin/../lib/gcc/avr/4.3.3/avr5\libgcc.a(_ge_sf.o)
 .debug_line    0x00000735       0xd3 c:/users/mosta/desktop/imt-c/imt_tools_x64/imt_sdk_win_64/imt_sdk_win_64/winavr/bin/../lib/gcc/avr/4.3.3/avr5\libgcc.a(_lt_sf.o)
 .debug_line    0x00000808      0x109 c:/users/mosta/desktop/imt-c/imt_tools_x64/imt_sdk_win_64/imt_sdk_win_64/winavr/bin/../lib/gcc/avr/4.3.3/avr5\libgcc.a(_sf_to_si.o)
 .debug_line    0x00000911       0x90 c:/users/mosta/desktop/imt-c/imt_tools_x64/imt_sdk_win_64/imt_sdk_win_64/winavr/bin/../lib/gcc/avr/4.3.3/avr5\libgcc.a(_thenan_sf.o)
 .debug_line    0x000009a1      0x18a c:/users/mosta/desktop/imt-c/imt_tools_x64/imt_sdk_win_64/imt_sdk_win_64/winavr/bin/../lib/gcc/avr/4.3.3/avr5\libgcc.a(_pack_sf.o)
 .debug_line    0x00000b2b      0x14b c:/users/mosta/desktop/imt-c/imt_tools_x64/imt_sdk_win_64/imt_sdk_win_64/winavr/bin/../lib/gcc/avr/4.3.3/avr5\libgcc.a(_unpack_sf.o)
 .debug_line    0x00000c76      0x137 c:/users/mosta/desktop/imt-c/imt_tools_x64/imt_sdk_win_64/imt_sdk_win_64/winavr/bin/../lib/gcc/avr/4.3.3/avr5\libgcc.a(_fpcmp_parts_sf.o)

.debug_frame    0x00000000      0x160
 *(.debug_frame)
 .debug_frame   0x00000000       0x20 c:/users/mosta/desktop/imt-c/imt_tools_x64/imt_sdk_win_64/imt_sdk_win_64/winavr/bin/../lib/gcc/avr/4.3.3/avr5\libgcc.a(_fixunssfsi.o)
 .debug_frame   0x00000020       0x40 c:/users/mosta/desktop/imt-c/imt_tools_x64/imt_sdk_win_64/imt_sdk_win_64/winavr/bin/../lib/gcc/avr/4.3.3/avr5\libgcc.a(_addsub_sf.o)
 .debug_frame   0x00000060       0x20 c:/users/mosta/desktop/imt-c/imt_tools_x64/imt_sdk_win_64/imt_sdk_win_64/winavr/bin/../lib/gcc/avr/4.3.3/avr5\libgcc.a(_mul_sf.o)
 .debug_frame   0x00000080       0x20 c:/users/mosta/desktop/imt-c/imt_tools_x64/imt_sdk_win_64/imt_sdk_win_64/winavr/bin/../lib/gcc/avr/4.3.3/avr5\libgcc.a(_gt_sf.o)
 .debug_frame   0x000000a0       0x20 c:/users/mosta/desktop/imt-c/imt_tools_x64/imt_sdk_win_64/imt_sdk_win_64/winavr/bin/../lib/gcc/avr/4.3.3/avr5\libgcc.a(_ge_sf.o)
 .debug_frame   0x000000c0       0x20 c:/users/mosta/desktop/imt-c/imt_tools_x64/imt_sdk_win_64/imt_sdk_win_64/winavr/bin/../lib/gcc/avr/4.3.3/avr5\libgcc.a(_lt_sf.o)
 .debug_frame   0x000000e0       0x20 c:/users/mosta/desktop/imt-c/imt_tools_x64/imt_sdk_win_64/imt_sdk_win_64/winavr/bin/../lib/gcc/avr/4.3.3/avr5\libgcc.a(_sf_to_si.o)
 .debug_frame   0x00000100       0x20 c:/users/mosta/desktop/imt-c/imt_tools_x64/imt_sdk_win_64/imt_sdk_win_64/winavr/bin/../lib/gcc/avr/4.3.3/avr5\libgcc.a(_pack_sf.o)
 .debug_frame   0x00000120       0x20 c:/users/mosta/desktop/imt-c/imt_tools_x64/imt_sdk_win_64/imt_sdk_win_64/winavr/bin/../lib/gcc/avr/4.3.3/avr5\libgcc.a(_unpack_sf.o)
 .debug_frame   0x00000140       0x20 c:/users/mosta/desktop/imt-c/imt_tools_x64/imt_sdk_win_64/imt_sdk_win_64/winavr/bin/../lib/gcc/avr/4.3.3/avr5\libgcc.a(_fpcmp_parts_sf.o)

.debug_str      0x00000000      0x28d
 *(.debug_str)
 .debug_str     0x00000000       0xbf c:/users/mosta/desktop/imt-c/imt_tools_x64/imt_sdk_win_64/imt_sdk_win_64/winavr/bin/../lib/gcc/avr/4.3.3/avr5\libgcc.a(_fixunssfsi.o)
                                 0xfe (size before relaxing)
 .debug_str     0x000000bf      0x14d c:/users/mosta/desktop/imt-c/imt_tools_x64/imt_sdk_win_64/imt_sdk_win_64/winavr/bin/../lib/gcc/avr/4.3.3/avr5\libgcc.a(_addsub_sf.o)
                                0x206 (size before relaxing)
 .debug_str     0x0000020c       0x27 c:/users/mosta/desktop/imt-c/imt_tools_x64/imt_sdk_win_64/imt_sdk_win_64/winavr/bin/../lib/gcc/avr/4.3.3/avr5\libgcc.a(_mul_sf.o)
                                0x1bf (size before relaxing)
 .debug_str     0x00000233        0xf c:/users/mosta/desktop/imt-c/imt_tools_x64/imt_sdk_win_64/imt_sdk_win_64/winavr/bin/../lib/gcc/avr/4.3.3/avr5\libgcc.a(_gt_sf.o)
                                0x195 (size before relaxing)
 .debug_str     0x00000242        0x8 c:/users/mosta/desktop/imt-c/imt_tools_x64/imt_sdk_win_64/imt_sdk_win_64/winavr/bin/../lib/gcc/avr/4.3.3/avr5\libgcc.a(_ge_sf.o)
                                0x195 (size before relaxing)
 .debug_str     0x0000024a        0x8 c:/users/mosta/desktop/imt-c/imt_tools_x64/imt_sdk_win_64/imt_sdk_win_64/winavr/bin/../lib/gcc/avr/4.3.3/avr5\libgcc.a(_lt_sf.o)
                                0x195 (size before relaxing)
 .debug_str     0x00000252        0xa c:/users/mosta/desktop/imt-c/imt_tools_x64/imt_sdk_win_64/imt_sdk_win_64/winavr/bin/../lib/gcc/avr/4.3.3/avr5\libgcc.a(_sf_to_si.o)
                                0x19e (size before relaxing)
 .debug_str     0x00000000      0x103 c:/users/mosta/desktop/imt-c/imt_tools_x64/imt_sdk_win_64/imt_sdk_win_64/winavr/bin/../lib/gcc/avr/4.3.3/avr5\libgcc.a(_thenan_sf.o)
 .debug_str     0x0000025c       0x16 c:/users/mosta/desktop/imt-c/imt_tools_x64/imt_sdk_win_64/imt_sdk_win_64/winavr/bin/../lib/gcc/avr/4.3.3/avr5\libgcc.a(_pack_sf.o)
                                0x19d (size before relaxing)
 .debug_str     0x00000272        0xb c:/users/mosta/desktop/imt-c/imt_tools_x64/imt_sdk_win_64/imt_sdk_win_64/winavr/bin/../lib/gcc/avr/4.3.3/avr5\libgcc.a(_unpack_sf.o)
                                0x17f (size before relaxing)
 .debug_str     0x0000027d       0x10 c:/users/mosta/desktop/imt-c/imt_tools_x64/imt_sdk_win_64/imt_sdk_win_64/winavr/bin/../lib/gcc/avr/4.3.3/avr5\libgcc.a(_fpcmp_parts_sf.o)
                                0x163 (size before relaxing)

.debug_loc      0x00000000      0x7ce
 *(.debug_loc)
 .debug_loc     0x00000000       0x34 c:/users/mosta/desktop/imt-c/imt_tools_x64/imt_sdk_win_64/imt_sdk_win_64/winavr/bin/../lib/gcc/avr/4.3.3/avr5\libgcc.a(_fixunssfsi.o)
 .debug_loc     0x00000034      0x32a c:/users/mosta/desktop/imt-c/imt_tools_x64/imt_sdk_win_64/imt_sdk_win_64/winavr/bin/../lib/gcc/avr/4.3.3/avr5\libgcc.a(_addsub_sf.o)
 .debug_loc     0x0000035e      0x104 c:/users/mosta/desktop/imt-c/imt_tools_x64/imt_sdk_win_64/imt_sdk_win_64/winavr/bin/../lib/gcc/avr/4.3.3/avr5\libgcc.a(_mul_sf.o)
 .debug_loc     0x00000462       0x3c c:/users/mosta/desktop/imt-c/imt_tools_x64/imt_sdk_win_64/imt_sdk_win_64/winavr/bin/../lib/gcc/avr/4.3.3/avr5\libgcc.a(_gt_sf.o)
 .debug_loc     0x0000049e       0x3c c:/users/mosta/desktop/imt-c/imt_tools_x64/imt_sdk_win_64/imt_sdk_win_64/winavr/bin/../lib/gcc/avr/4.3.3/avr5\libgcc.a(_ge_sf.o)
 .debug_loc     0x000004da       0x3c c:/users/mosta/desktop/imt-c/imt_tools_x64/imt_sdk_win_64/imt_sdk_win_64/winavr/bin/../lib/gcc/avr/4.3.3/avr5\libgcc.a(_lt_sf.o)
 .debug_loc     0x00000516       0x7e c:/users/mosta/desktop/imt-c/imt_tools_x64/imt_sdk_win_64/imt_sdk_win_64/winavr/bin/../lib/gcc/avr/4.3.3/avr5\libgcc.a(_sf_to_si.o)
 .debug_loc     0x00000594      0x13e c:/users/mosta/desktop/imt-c/imt_tools_x64/imt_sdk_win_64/imt_sdk_win_64/winavr/bin/../lib/gcc/avr/4.3.3/avr5\libgcc.a(_pack_sf.o)
 .debug_loc     0x000006d2       0xac c:/users/mosta/desktop/imt-c/imt_tools_x64/imt_sdk_win_64/imt_sdk_win_64/winavr/bin/../lib/gcc/avr/4.3.3/avr5\libgcc.a(_unpack_sf.o)
 .debug_loc     0x0000077e       0x50 c:/users/mosta/desktop/imt-c/imt_tools_x64/imt_sdk_win_64/imt_sdk_win_64/winavr/bin/../lib/gcc/avr/4.3.3/avr5\libgcc.a(_fpcmp_parts_sf.o)

.debug_macinfo
 *(.debug_macinfo)
OUTPUT(PC_UART_interface.elf elf32-avr)
LOAD linker stubs

.debug_ranges   0x00000000       0x50
 .debug_ranges  0x00000000       0x50 c:/users/mosta/desktop/imt-c/imt_tools_x64/imt_sdk_win_64/imt_sdk_win_64/winavr/bin/../lib/gcc/avr/4.3.3/avr5\libgcc.a(_mul_sf.o)
